---
source: crates/teamctl-ui/tests/snapshots.rs
expression: s
---
┌AGENTS────────────────────┐┌DETAIL · writing:manager──────────────────────────────────────────────────────────────────┐
│ *  manager               ││┌ * writing:manager ────────────────────────┐┌ * writing:dev1 ───────────────────────────┐│
│ *  dev1                  │││       (focus this split to stream)        ││       (focus this split to stream)        ││
│                          │││                                           ││                                           ││
│                          │││                                           ││                                           ││
│                          │││                                           ││                                           ││
│                          │││                                           ││                                           ││
│                          │││                                           ││                                           ││
│                          │││                                           ││                                           ││
│                          │││                                           ││                                           ││
│                          │││                                           ││                                           ││
│                          │││                                           ││                                           ││
│                          │││                                           ││                                           ││
│                          ││└───────────────────────────────────────────┘└───────────────────────────────────────────┘│
│                          │└──────────────────────────────────────────────────────────────────────────────────────────┘
│                          │┌MAILBOX───────────────────────────────────────────────────────────────────────────────────┐
│                          ││ Inbox    Channel    Wire                                                                 │
│                          ││                                         (no DMs)                                         │
│                          ││                                                                                          │
│                          ││                                                                                          │
│                          ││                                                                                          │
│                          ││                                                                                          │
│                          ││                                                                                          │
│                          ││                                                                                          │
│                          ││                                                                                          │
│                          ││                                                                                          │
│                          ││                                                                                          │
│                          ││                                                                                          │
└──────────────────────────┘└──────────────────────────────────────────────────────────────────────────────────────────┘
Tab cycle panes  ·  / search · ⏎ open · @ send · q quit                                              ? help · t tutorial
