---
source: crates/teamctl-ui/tests/snapshots.rs
assertion_line: 406
expression: s
---
┌AGENTS────────────────────┐┌DETAIL · writing:dev1─────────────────────────────────────────────────────────────────────┐
│ *  manager               ││                      (no scrollback yet — agent may be starting up)                      │
│ *  dev1                  ││                                                                                          │
│                          ││                                                                                          │
│                          ││                                                                                          │
│                          ││                                                                                          │
│                          ││                                                                                          │
│                   ┌→ writing:dev1────────────────────────────────────────────────────────────────┐                   │
│                   │line one                                                                      │                   │
│                   │line two▏                                                                     │                   │
│                   │                                                                              │                   │
│                   │                                                                              │                   │
│                   │                                                                              │                   │
│                   │                                                                              │                   │
│                   │                                                                              │                   │
│                   │                                                                              │                   │
│                   │                                                                              │───────────────────┘
│                   │                                                                              │───────────────────┐
│                   │                                                                              │                   │
│                   │                                                                              │                   │
│                   │-- INSERT --                                                                  │                   │
│                   │Esc Enter send · Esc Esc cancel · Tab attach                                  │                   │
│                   └──────────────────────────────────────────────────────────────────────────────┘                   │
│                          ││                                                                                          │
│                          ││                                                                                          │
│                          ││                                                                                          │
│                          ││                                                                                          │
└──────────────────────────┘└──────────────────────────────────────────────────────────────────────────────────────────┘
Tab cycle panes  ·  / search · ⏎ open · @ send · q quit                                              ? help · t tutorial
/fixture                                                                                           CPU 0% · RAM 0.0/0 GB
