---
source: crates/teamctl-ui/tests/snapshots.rs
assertion_line: 336
expression: s
---
┌ROSTER────────────────────┐┌DETAIL · writing:manager──────────────────────────────────┐┌MAILBOX───────────────────────┐
│ *  manager               ││┌ * writing:manager ────────┐┌ * writing:dev1 ───────────┐││ Inbox    Channel    Wire     │
│ *  dev1                  │││(focus this split to stream││(focus this split to stream│││           (no DMs)           │
│                          │││                           ││                           │││                              │
│                          │││                           ││                           │││                              │
│                          │││                           ││                           │││                              │
│                          │││                           ││                           │││                              │
│                          │││                           ││                           │││                              │
│                          │││                           ││                           │││                              │
│                          │││                           ││                           │││                              │
│                          │││                           ││                           │││                              │
│                          │││                           ││                           │││                              │
│                          │││                           ││                           │││                              │
│                          │││                           ││                           │││                              │
│                          │││                           ││                           │││                              │
│                          │││                           ││                           │││                              │
│                          │││                           ││                           │││                              │
│                          │││                           ││                           │││                              │
│                          │││                           ││                           │││                              │
│                          │││                           ││                           │││                              │
│                          │││                           ││                           │││                              │
│                          │││                           ││                           │││                              │
│                          │││                           ││                           │││                              │
│                          │││                           ││                           │││                              │
│                          │││                           ││                           │││                              │
│                          │││                           ││                           │││                              │
│                          │││                           ││                           │││                              │
│                          ││└───────────────────────────┘└───────────────────────────┘││                              │
└──────────────────────────┘└──────────────────────────────────────────────────────────┘└──────────────────────────────┘
/ search · ⏎ open · @ send · q quit                                                                  ? help · t tutorial
