---
source: crates/teamctl-ui/tests/snapshots.rs
expression: buffer_to_string(&buf)
---
┌AGENTS────────────────────┐┌DETAIL · writing:manager──────────────────────────────────────────────────────────────────┐
│ *  manager               ││                      (no scrollback yet — agent may be starting up)                      │
│ *  worker-1              ││                                                                                          │
│ !  worker-2              ││                                                                                          │
│ x  critic                ││                                                                                          │
│ ?  scout                 ││                                                                                          │
│                          ││                                                                                          │
│                          ││                                                                                          │
│                          ││                                                                                          │
│                          ││                                                                                          │
│                          ││                                                                                          │
│                          ││                                                                                          │
│                          ││                                                                                          │
│                          ││                                                                                          │
│                          ││                                                                                          │
│                          ││                                                                                          │
│                          │└──────────────────────────────────────────────────────────────────────────────────────────┘
│                          │┌MAILBOX───────────────────────────────────────────────────────────────────────────────────┐
│                          ││ Inbox    Sent    Channel    Wire                                                         │
│                          ││                                         (no DMs)                                         │
│                          ││                                                                                          │
│                          ││                                                                                          │
│                          ││                                                                                          │
│                          ││                                                                                          │
│                          ││                                                                                          │
│                          ││                                                                                          │
│                          ││                                                                                          │
└──────────────────────────┘└──────────────────────────────────────────────────────────────────────────────────────────┘
Tab cycle panes  ·  / search · ⏎ open · @ send · q quit                                              ? help · t tutorial
/fixture                                                                                           CPU 0% · RAM 0.0/0 GB
