---
source: crates/teamctl-ui/tests/snapshots.rs
expression: s
---
┌ROSTER────────────────────┐┌DETAIL · writing:manager──────────────────────────────────┐┌MAILBOX───────────────────────┐
│ *  manager               ││┌ * writing:manage┐┌ * writing:dev1 ──┐┌ * writing:critic┐││ Inbox    Channel    Wire     │
│ *  dev1                  │││(focus this split││(focus this split ││(focus this split│││           (no DMs)           │
│ *  dev2                  │││                 ││                  ││                 │││                              │
│ *  critic                │││                 ││                  ││                 │││                              │
│                          │││                 ││                  ││                 │││                              │
│                          │││                 ││                  ││                 │││                              │
│                          │││                 ││                  ││                 │││                              │
│                          │││                 ││                  ││                 │││                              │
│                          │││                 ││                  ││                 │││                              │
│                          │││                 ││                  ││                 │││                              │
│                          │││                 ││                  ││                 │││                              │
│                          │││                 ││                  ││                 │││                              │
│                          │││                 ││                  ││                 │││                              │
│                          │││                 │└──────────────────┘│                 │││                              │
│                          │││                 │┌ * writing:dev2 ──┐│                 │││                              │
│                          │││                 ││(focus this split ││                 │││                              │
│                          │││                 ││                  ││                 │││                              │
│                          │││                 ││                  ││                 │││                              │
│                          │││                 ││                  ││                 │││                              │
│                          │││                 ││                  ││                 │││                              │
│                          │││                 ││                  ││                 │││                              │
│                          │││                 ││                  ││                 │││                              │
│                          │││                 ││                  ││                 │││                              │
│                          │││                 ││                  ││                 │││                              │
│                          │││                 ││                  ││                 │││                              │
│                          │││                 ││                  ││                 │││                              │
│                          ││└─────────────────┘└──────────────────┘└─────────────────┘││                              │
└──────────────────────────┘└──────────────────────────────────────────────────────────┘└──────────────────────────────┘
Tab cycle panes  ·  / search · ⏎ open · @ send · q quit                                              ? help · t tutorial
