---
source: crates/teamctl-ui/tests/snapshots.rs
assertion_line: 58
expression: buffer_to_string(&buf)
---
┌ROSTER────────────────────┐┌DETAIL────────────────────────────────────────────────────┐┌MAILBOX───────────────────────┐
│        (no agents)       ││    (select an agent on the left to follow its session)   ││ Inbox    Channel    Wire     │
│                          ││                                                          ││       (select an agent)      │
│                          ││                                                          ││                              │
│                          ││                                                          ││                              │
│                          ││                                                          ││                              │
│                          ││                                                          ││                              │
│                          ││                                                          ││                              │
│                          ││                                                          ││                              │
│                          ││                                                          ││                              │
│                          ││                                                          ││                              │
│                          ││                                                          ││                              │
│                          ││                                                          ││                              │
│                          ││                                                          ││                              │
│                          ││                                                          ││                              │
│                          ││                                                          ││                              │
│                          ││                                                          ││                              │
│                          ││                                                          ││                              │
│                          ││                                                          ││                              │
│                          ││                                                          ││                              │
│                          ││                                                          ││                              │
│                          ││                                                          ││                              │
│                          ││                                                          ││                              │
│                          ││                                                          ││                              │
│                          ││                                                          ││                              │
│                          ││                                                          ││                              │
│                          ││                                                          ││                              │
│                          ││                                                          ││                              │
└──────────────────────────┘└──────────────────────────────────────────────────────────┘└──────────────────────────────┘
/ filter · w wall · @ send · esc back · q quit                                                       ? help · t tutorial
