---
source: crates/teamctl-ui/tests/snapshots.rs
expression: rendered
---
┌AGENTS────────────────────┐┌DETAIL · writing:manager  [STREAM-KEYS]───────────────────────────────────────────────────┐
│ o  manager               ││                      (no scrollback yet — agent may be starting up)                      │
│                          ││                                                                                          │
│                          ││                                                                                          │
│                          ││                                                                                          │
│                          ││                                                                                          │
│                          ││                                                                                          │
│                          ││                                                                                          │
│                          ││                                                                                          │
│                          ││                                                                                          │
│                          ││                                                                                          │
│                          ││                                                                                          │
│                          ││                                                                                          │
│                          ││                                                                                          │
│                          ││                                                                                          │
│                          ││                                                                                          │
│                          │└──────────────────────────────────────────────────────────────────────────────────────────┘
│                          │┌MAILBOX───────────────────────────────────────────────────────────────────────────────────┐
│                          ││ Inbox    Sent    Channel    Wire                                                         │
│                          ││                                         (no DMs)                                         │
│                          ││                                                                                          │
│                          ││                                                                                          │
│                          ││                                                                                          │
│                          ││                                                                                          │
│                          ││                                                                                          │
│                          ││                                                                                          │
│                          ││                                                                                          │
└──────────────────────────┘└──────────────────────────────────────────────────────────────────────────────────────────┘
● STREAM-KEYS → writing:manager   keys → tmux pane   ·   Ctrl+Shift+↑/↓ switch agent   ·   Ctrl+E to exit               
/fixture                                                                                           CPU 0% · RAM 0.0/0 GB
