---
source: crates/teamctl-ui/tests/snapshots.rs
expression: buffer_to_string(&buf)
---
┌AGENTS────────────────────┐┌DETAIL · writing:manager──────────────────────────────────────────────────────────────────┐
│ *  manager               ││                      (no scrollback yet — agent may be starting up)                      │
│                          ││                                                                                          │
│                          ││                                                                                          │
│                          ││                                                                                          │
│                          ││                                                                                          │
│                          ││                                                                                          │
│                          ││                                                                                          │
│                          ││                                                                                          │
│                          ││                                                                                          │
│                          ││                                                                                          │
│                          ││                                                                                          │
│                          ││                                                                                          │
│                          ││                                                                                          │
│                          │└──────────────────────────────────────────────────────────────────────────────────────────┘
│                          │┌MAILBOX───────────────────────────────────────────────────────────────────────────────────┐
│                          ││ Inbox    Channel    Wire                                                                 │
│                          ││[writing:dev1] ready for review                                                           │
│                          ││[user:telegram] any blockers?                                                             │
│                          ││                                                                                          │
│                          ││                                                                                          │
│                          ││                                                                                          │
│                          ││                                                                                          │
│                          ││                                                                                          │
│                          ││                                                                                          │
│                          ││                                                                                          │
│                          ││                                                                                          │
│                          ││                                                                                          │
└──────────────────────────┘└──────────────────────────────────────────────────────────────────────────────────────────┘
Tab cycle panes  ·  / search · ⏎ open · @ send · q quit                                              ? help · t tutorial
