---
source: crates/teamctl-ui/tests/snapshots.rs
assertion_line: 186
expression: buffer_to_string(&buf)
---
┌ROSTER────────────────────┐┌DETAIL · writing:manager──────────────────────────────────┐┌MAILBOX───────────────────────┐
│ *  manager               ││      (no scrollback yet — agent may be starting up)      ││ Inbox    Channel    Wire     │
│                          ││                                                          ││[writing:dev1] ready for revie│
│                          ││                                                          ││[user:telegram] any blockers? │
│                          ││                                                          ││                              │
│                          ││                                                          ││                              │
│                          ││                                                          ││                              │
│                          ││                                                          ││                              │
│                          ││                                                          ││                              │
│                          ││                                                          ││                              │
│                          ││                                                          ││                              │
│                          ││                                                          ││                              │
│                          ││                                                          ││                              │
│                          ││                                                          ││                              │
│                          ││                                                          ││                              │
│                          ││                                                          ││                              │
│                          ││                                                          ││                              │
│                          ││                                                          ││                              │
│                          ││                                                          ││                              │
│                          ││                                                          ││                              │
│                          ││                                                          ││                              │
│                          ││                                                          ││                              │
│                          ││                                                          ││                              │
│                          ││                                                          ││                              │
│                          ││                                                          ││                              │
│                          ││                                                          ││                              │
│                          ││                                                          ││                              │
│                          ││                                                          ││                              │
└──────────────────────────┘└──────────────────────────────────────────────────────────┘└──────────────────────────────┘
/ search · ⏎ open · @ send · q quit                                                                  ? help · t tutorial
