---
source: crates/teamctl-ui/tests/snapshots.rs
expression: s
---
┌AGENTS────────────────────┐┌DETAIL · writing:manager──────────────────────────────────────────────────────────────────┐
│ o  manager               ││┌ o writing:manager ─────────┐┌ o writing:dev1 ────────────┐┌ o writing:critic ──────────┐│
│ o  dev1                  │││(focus this split to stream)││(focus this split to stream)││(focus this split to stream)││
│ o  dev2                  │││                            ││                            ││                            ││
│ o  critic                │││                            ││                            ││                            ││
│                          │││                            ││                            ││                            ││
│                          │││                            ││                            ││                            ││
│                          │││                            ││                            ││                            ││
│                          │││                            │└────────────────────────────┘│                            ││
│                          │││                            │┌ o writing:dev2 ────────────┐│                            ││
│                          │││                            ││(focus this split to stream)││                            ││
│                          │││                            ││                            ││                            ││
│                          │││                            ││                            ││                            ││
│                          │││                            ││                            ││                            ││
│                          │││                            ││                            ││                            ││
│                          ││└────────────────────────────┘└────────────────────────────┘└────────────────────────────┘│
│                          │└──────────────────────────────────────────────────────────────────────────────────────────┘
│                          │┌MAILBOX───────────────────────────────────────────────────────────────────────────────────┐
│                          ││ Inbox    Sent                                                                            │
│                          ││                                         (no DMs)                                         │
│                          ││                                                                                          │
│                          ││                                                                                          │
│                          ││                                                                                          │
│                          ││                                                                                          │
│                          ││                                                                                          │
│                          ││                                                                                          │
│                          ││                                                                                          │
└──────────────────────────┘└──────────────────────────────────────────────────────────────────────────────────────────┘
Tab cycle panes  ·  / search · ⏎ open · @ send · q quit                                              ? help · t tutorial
/fixture                                                                                           CPU 0% · RAM 0.0/0 GB
