---
source: crates/teamctl-ui/tests/snapshots.rs
assertion_line: 65
expression: buffer_to_string(&buf)
---
┌ROSTER────────────────────┐┌DETAIL────────────────────────────────────────────────────┐┌MAILBOX───────────────────────┐
│      (no agents yet)     ││                    (no agent selected)                   ││         (no mailbox)         │
│                          ││                                                          ││                              │
│                          ││                                                          ││                              │
│                          ││                                                          ││                              │
│                          ││                                                          ││                              │
│                          ││                                                          ││                              │
│                          ││                                                          ││                              │
│                          ││                                                          ││                              │
│                          ││                                                          ││                              │
│                          ││                                                          ││                              │
│                          ││                                                          ││                              │
│                          ││             ┌confirm───────────────────────────┐         ││                              │
│                          ││             │     Quit teamctl-ui?  [y / n]    │         ││                              │
│                          ││             │                                  │         ││                              │
│                          ││             │                                  │         ││                              │
│                          ││             └──────────────────────────────────┘         ││                              │
│                          ││                                                          ││                              │
│                          ││                                                          ││                              │
│                          ││                                                          ││                              │
│                          ││                                                          ││                              │
│                          ││                                                          ││                              │
│                          ││                                                          ││                              │
│                          ││                                                          ││                              │
│                          ││                                                          ││                              │
│                          ││                                                          ││                              │
│                          ││                                                          ││                              │
│                          ││                                                          ││                              │
└──────────────────────────┘└──────────────────────────────────────────────────────────┘└──────────────────────────────┘
/ search · ⏎ open · @ send · q quit                                                                  ? help · t tutorial
