---
source: crates/teamctl-ui/tests/snapshots.rs
expression: buffer_to_string(&buf)
---
┌CHANNELS────────────────┐┌FEED────────────────────────────────────────────────────────────────┐┌PARTICIPANTS──────────┐
│      (no channels)     ││                        (no channel traffic)                        ││        (none)        │
│                        ││                                                                    ││                      │
│                        ││                                                                    ││                      │
│                        ││                                                                    ││                      │
│                        ││                                                                    ││                      │
│                        ││                                                                    ││                      │
│                        ││                                                                    ││                      │
│                        ││                                                                    ││                      │
│                        ││                                                                    ││                      │
│                        ││                                                                    ││                      │
│                        ││                                                                    ││                      │
│                        ││                                                                    ││                      │
│                        ││                                                                    ││                      │
│                        ││                                                                    ││                      │
│                        ││                                                                    ││                      │
│                        ││                                                                    ││                      │
│                        ││                                                                    ││                      │
│                        ││                                                                    ││                      │
│                        ││                                                                    ││                      │
│                        ││                                                                    ││                      │
│                        ││                                                                    ││                      │
│                        ││                                                                    ││                      │
│                        ││                                                                    ││                      │
│                        ││                                                                    ││                      │
│                        ││                                                                    ││                      │
│                        ││                                                                    ││                      │
└────────────────────────┘└────────────────────────────────────────────────────────────────────┘└──────────────────────┘
Tab cycle panes  ·  / search · ⏎ open · @ send · q quit                                              ? help · t tutorial
/fixture                                                                                           CPU 0% · RAM 0.0/0 GB
