---
source: crates/teamctl-ui/tests/snapshots.rs
assertion_line: 357
expression: s
---
┌ROSTER────────────────────┐┌DETAIL · writing:manager──────────────────────────────────┐┌MAILBOX───────────────────────┐
│ *  manager               ││┌ * writing:manager ─────────────────────────────────────┐││ Inbox    Channel    Wire     │
│ *  dev1                  │││              (focus this split to stream)              │││           (no DMs)           │
│                          │││                                                        │││                              │
│                          │││                                                        │││                              │
│                          │││                                                        │││                              │
│                          │││                                                        │││                              │
│                          │││                                                        │││                              │
│                          │││                                                        │││                              │
│                          │││                                                        │││                              │
│                          │││                                                        │││                              │
│                          │││                                                        │││                              │
│                          │││                                                        │││                              │
│                          │││                                                        │││                              │
│                          ││└────────────────────────────────────────────────────────┘││                              │
│                          ││┌ * writing:dev1 ────────────────────────────────────────┐││                              │
│                          │││              (focus this split to stream)              │││                              │
│                          │││                                                        │││                              │
│                          │││                                                        │││                              │
│                          │││                                                        │││                              │
│                          │││                                                        │││                              │
│                          │││                                                        │││                              │
│                          │││                                                        │││                              │
│                          │││                                                        │││                              │
│                          │││                                                        │││                              │
│                          │││                                                        │││                              │
│                          │││                                                        │││                              │
│                          ││└────────────────────────────────────────────────────────┘││                              │
└──────────────────────────┘└──────────────────────────────────────────────────────────┘└──────────────────────────────┘
/ search · ⏎ open · @ send · q quit                                                                  ? help · t tutorial
