---
source: crates/teamctl-ui/tests/snapshots.rs
assertion_line: 265
expression: s
---
⚠  approvals: 1 pending — `a` to review                                                                                 
┌ROSTER────────────────────┐┌DETAIL · writing:manager──────────────────────────────────┐┌MAILBOX───────────────────────┐
│ *  manager               ││      (no scrollback yet — agent may be starting up)      ││ Inbox    Channel    Wire     │
│                          ││                                                          ││           (no DMs)           │
│                          ││                                                          ││                              │
│                          ││                                                          ││                              │
│                   ┌approvals · 1/1───────────────────────────────────────────────────────────────┐                   │
│                   │#7  publish                                                                   │                   │
│                   │from: writing:manager                                                         │                   │
│                   │                                                                              │                   │
│                   │Post the morning brief to r/yourcity                                          │                   │
│                   │                                                                              │                   │
│                   │[Y] approve  ·  [N] deny  ·  [j/k] cycle  ·  [Esc] close                      │                   │
│                   │                                                                              │                   │
│                   │                                                                              │                   │
│                   │                                                                              │                   │
│                   │                                                                              │                   │
│                   │                                                                              │                   │
│                   │                                                                              │                   │
│                   │                                                                              │                   │
│                   │                                                                              │                   │
│                   │                                                                              │                   │
│                   │                                                                              │                   │
│                   └──────────────────────────────────────────────────────────────────────────────┘                   │
│                          ││                                                          ││                              │
│                          ││                                                          ││                              │
│                          ││                                                          ││                              │
│                          ││                                                          ││                              │
└──────────────────────────┘└──────────────────────────────────────────────────────────┘└──────────────────────────────┘
/ search · ⏎ open · @ send · q quit                                                                  ? help · t tutorial
